<!doctype html public "-//w3c//dtd html 4.0 transitional//en">
<html><head>
<title>Static Call Graph - [.\Objects\Test.axf]</title></head>
<body><HR>
<H1>Static Call Graph for image .\Objects\Test.axf</H1><HR>
<BR><P>#&#060CALLGRAPH&#062# ARM Linker, 5060750: Last Updated: Fri May 31 22:34:36 2019
<BR><P>
<H3>Maximum Stack Usage =         60 bytes + Unknown(Cycles, Untraceable Function Pointers)</H3><H3>
Call chain for Maximum Stack Depth:</H3>
main &rArr; LCD_PrintDec &rArr; __aeabi_idivmod &rArr; __aeabi_uidivmod
<P>
<H3>
Mutually Recursive functions
</H3> <LI><a href="#[1]">NMI_Handler</a>&nbsp;&nbsp;&nbsp;&rArr;&nbsp;&nbsp;&nbsp;<a href="#[1]">NMI_Handler</a><BR>
 <LI><a href="#[2]">HardFault_Handler</a>&nbsp;&nbsp;&nbsp;&rArr;&nbsp;&nbsp;&nbsp;<a href="#[2]">HardFault_Handler</a><BR>
 <LI><a href="#[3]">SVC_Handler</a>&nbsp;&nbsp;&nbsp;&rArr;&nbsp;&nbsp;&nbsp;<a href="#[3]">SVC_Handler</a><BR>
 <LI><a href="#[4]">PendSV_Handler</a>&nbsp;&nbsp;&nbsp;&rArr;&nbsp;&nbsp;&nbsp;<a href="#[4]">PendSV_Handler</a><BR>
 <LI><a href="#[5]">SysTick_Handler</a>&nbsp;&nbsp;&nbsp;&rArr;&nbsp;&nbsp;&nbsp;<a href="#[5]">SysTick_Handler</a><BR>
 <LI><a href="#[12]">ADC1_IRQHandler</a>&nbsp;&nbsp;&nbsp;&rArr;&nbsp;&nbsp;&nbsp;<a href="#[12]">ADC1_IRQHandler</a><BR>
</UL>
<P>
<H3>
Function Pointers
</H3><UL>
 <LI><a href="#[12]">ADC1_IRQHandler</a> from startup_stm32f042x6.o(.text) referenced from startup_stm32f042x6.o(RESET)
 <LI><a href="#[1f]">CEC_CAN_IRQHandler</a> from startup_stm32f042x6.o(.text) referenced from startup_stm32f042x6.o(RESET)
 <LI><a href="#[f]">DMA1_Channel1_IRQHandler</a> from startup_stm32f042x6.o(.text) referenced from startup_stm32f042x6.o(RESET)
 <LI><a href="#[10]">DMA1_Channel2_3_IRQHandler</a> from startup_stm32f042x6.o(.text) referenced from startup_stm32f042x6.o(RESET)
 <LI><a href="#[11]">DMA1_Channel4_5_IRQHandler</a> from startup_stm32f042x6.o(.text) referenced from startup_stm32f042x6.o(RESET)
 <LI><a href="#[b]">EXTI0_1_IRQHandler</a> from main.o(i.EXTI0_1_IRQHandler) referenced from startup_stm32f042x6.o(RESET)
 <LI><a href="#[c]">EXTI2_3_IRQHandler</a> from startup_stm32f042x6.o(.text) referenced from startup_stm32f042x6.o(RESET)
 <LI><a href="#[d]">EXTI4_15_IRQHandler</a> from startup_stm32f042x6.o(.text) referenced from startup_stm32f042x6.o(RESET)
 <LI><a href="#[9]">FLASH_IRQHandler</a> from startup_stm32f042x6.o(.text) referenced from startup_stm32f042x6.o(RESET)
 <LI><a href="#[2]">HardFault_Handler</a> from startup_stm32f042x6.o(.text) referenced from startup_stm32f042x6.o(RESET)
 <LI><a href="#[1a]">I2C1_IRQHandler</a> from startup_stm32f042x6.o(.text) referenced from startup_stm32f042x6.o(RESET)
 <LI><a href="#[1]">NMI_Handler</a> from startup_stm32f042x6.o(.text) referenced from startup_stm32f042x6.o(RESET)
 <LI><a href="#[7]">PVD_VDDIO2_IRQHandler</a> from startup_stm32f042x6.o(.text) referenced from startup_stm32f042x6.o(RESET)
 <LI><a href="#[4]">PendSV_Handler</a> from startup_stm32f042x6.o(.text) referenced from startup_stm32f042x6.o(RESET)
 <LI><a href="#[a]">RCC_CRS_IRQHandler</a> from startup_stm32f042x6.o(.text) referenced from startup_stm32f042x6.o(RESET)
 <LI><a href="#[8]">RTC_IRQHandler</a> from startup_stm32f042x6.o(.text) referenced from startup_stm32f042x6.o(RESET)
 <LI><a href="#[24]">Reset_Handler</a> from startup_stm32f042x6.o(.text) referenced from startup_stm32f042x6.o(RESET)
 <LI><a href="#[1b]">SPI1_IRQHandler</a> from startup_stm32f042x6.o(.text) referenced from startup_stm32f042x6.o(RESET)
 <LI><a href="#[1c]">SPI2_IRQHandler</a> from startup_stm32f042x6.o(.text) referenced from startup_stm32f042x6.o(RESET)
 <LI><a href="#[3]">SVC_Handler</a> from startup_stm32f042x6.o(.text) referenced from startup_stm32f042x6.o(RESET)
 <LI><a href="#[5]">SysTick_Handler</a> from startup_stm32f042x6.o(.text) referenced from startup_stm32f042x6.o(RESET)
 <LI><a href="#[22]">SystemInit</a> from system_stm32f0xx.o(i.SystemInit) referenced from startup_stm32f042x6.o(.text)
 <LI><a href="#[17]">TIM14_IRQHandler</a> from startup_stm32f042x6.o(.text) referenced from startup_stm32f042x6.o(RESET)
 <LI><a href="#[18]">TIM16_IRQHandler</a> from startup_stm32f042x6.o(.text) referenced from startup_stm32f042x6.o(RESET)
 <LI><a href="#[19]">TIM17_IRQHandler</a> from main.o(i.TIM17_IRQHandler) referenced from startup_stm32f042x6.o(RESET)
 <LI><a href="#[13]">TIM1_BRK_UP_TRG_COM_IRQHandler</a> from startup_stm32f042x6.o(.text) referenced from startup_stm32f042x6.o(RESET)
 <LI><a href="#[14]">TIM1_CC_IRQHandler</a> from startup_stm32f042x6.o(.text) referenced from startup_stm32f042x6.o(RESET)
 <LI><a href="#[15]">TIM2_IRQHandler</a> from startup_stm32f042x6.o(.text) referenced from startup_stm32f042x6.o(RESET)
 <LI><a href="#[16]">TIM3_IRQHandler</a> from startup_stm32f042x6.o(.text) referenced from startup_stm32f042x6.o(RESET)
 <LI><a href="#[e]">TSC_IRQHandler</a> from startup_stm32f042x6.o(.text) referenced from startup_stm32f042x6.o(RESET)
 <LI><a href="#[1d]">USART1_IRQHandler</a> from startup_stm32f042x6.o(.text) referenced from startup_stm32f042x6.o(RESET)
 <LI><a href="#[1e]">USART2_IRQHandler</a> from startup_stm32f042x6.o(.text) referenced from startup_stm32f042x6.o(RESET)
 <LI><a href="#[20]">USB_IRQHandler</a> from startup_stm32f042x6.o(.text) referenced from startup_stm32f042x6.o(RESET)
 <LI><a href="#[6]">WWDG_IRQHandler</a> from startup_stm32f042x6.o(.text) referenced from startup_stm32f042x6.o(RESET)
 <LI><a href="#[23]">__main</a> from entry.o(.ARM.Collect$$$$00000000) referenced from startup_stm32f042x6.o(.text)
 <LI><a href="#[21]">main</a> from main.o(i.main) referenced from entry9a.o(.ARM.Collect$$$$0000000B)
</UL>
<P>
<H3>
Global Symbols
</H3>
<P><STRONG><a name="[23]"></a>__main</STRONG> (Thumb, 0 bytes, Stack size unknown bytes, entry.o(.ARM.Collect$$$$00000000))
<BR>[Address Reference Count : 1]<UL><LI> startup_stm32f042x6.o(.text)
</UL>
<P><STRONG><a name="[3e]"></a>_main_stk</STRONG> (Thumb, 0 bytes, Stack size unknown bytes, entry2.o(.ARM.Collect$$$$00000001))

<P><STRONG><a name="[25]"></a>_main_scatterload</STRONG> (Thumb, 0 bytes, Stack size unknown bytes, entry5.o(.ARM.Collect$$$$00000004))
<BR><BR>[Calls]<UL><LI><a href="#[26]">&gt;&gt;</a>&nbsp;&nbsp;&nbsp;__scatterload
</UL>

<P><STRONG><a name="[29]"></a>__main_after_scatterload</STRONG> (Thumb, 0 bytes, Stack size unknown bytes, entry5.o(.ARM.Collect$$$$00000004))
<BR><BR>[Called By]<UL><LI><a href="#[26]">&gt;&gt;</a>&nbsp;&nbsp;&nbsp;__scatterload
</UL>

<P><STRONG><a name="[3f]"></a>_main_clock</STRONG> (Thumb, 0 bytes, Stack size unknown bytes, entry7b.o(.ARM.Collect$$$$00000008))

<P><STRONG><a name="[40]"></a>_main_cpp_init</STRONG> (Thumb, 0 bytes, Stack size unknown bytes, entry8b.o(.ARM.Collect$$$$0000000A))

<P><STRONG><a name="[41]"></a>_main_init</STRONG> (Thumb, 0 bytes, Stack size unknown bytes, entry9a.o(.ARM.Collect$$$$0000000B))

<P><STRONG><a name="[42]"></a>__rt_final_cpp</STRONG> (Thumb, 0 bytes, Stack size unknown bytes, entry10a.o(.ARM.Collect$$$$0000000D))

<P><STRONG><a name="[43]"></a>__rt_final_exit</STRONG> (Thumb, 0 bytes, Stack size unknown bytes, entry11a.o(.ARM.Collect$$$$0000000F))

<P><STRONG><a name="[24]"></a>Reset_Handler</STRONG> (Thumb, 38 bytes, Stack size 0 bytes, startup_stm32f042x6.o(.text))

<P><STRONG><a name="[1]"></a>NMI_Handler</STRONG> (Thumb, 2 bytes, Stack size 0 bytes, startup_stm32f042x6.o(.text))
<BR><BR>[Calls]<UL><LI><a href="#[1]">&gt;&gt;</a>&nbsp;&nbsp;&nbsp;NMI_Handler
</UL>
<BR>[Called By]<UL><LI><a href="#[1]">&gt;&gt;</a>&nbsp;&nbsp;&nbsp;NMI_Handler
</UL>
<BR>[Address Reference Count : 1]<UL><LI> startup_stm32f042x6.o(RESET)
</UL>
<P><STRONG><a name="[2]"></a>HardFault_Handler</STRONG> (Thumb, 2 bytes, Stack size 0 bytes, startup_stm32f042x6.o(.text))
<BR><BR>[Calls]<UL><LI><a href="#[2]">&gt;&gt;</a>&nbsp;&nbsp;&nbsp;HardFault_Handler
</UL>
<BR>[Called By]<UL><LI><a href="#[2]">&gt;&gt;</a>&nbsp;&nbsp;&nbsp;HardFault_Handler
</UL>
<BR>[Address Reference Count : 1]<UL><LI> startup_stm32f042x6.o(RESET)
</UL>
<P><STRONG><a name="[3]"></a>SVC_Handler</STRONG> (Thumb, 2 bytes, Stack size 0 bytes, startup_stm32f042x6.o(.text))
<BR><BR>[Calls]<UL><LI><a href="#[3]">&gt;&gt;</a>&nbsp;&nbsp;&nbsp;SVC_Handler
</UL>
<BR>[Called By]<UL><LI><a href="#[3]">&gt;&gt;</a>&nbsp;&nbsp;&nbsp;SVC_Handler
</UL>
<BR>[Address Reference Count : 1]<UL><LI> startup_stm32f042x6.o(RESET)
</UL>
<P><STRONG><a name="[4]"></a>PendSV_Handler</STRONG> (Thumb, 2 bytes, Stack size 0 bytes, startup_stm32f042x6.o(.text))
<BR><BR>[Calls]<UL><LI><a href="#[4]">&gt;&gt;</a>&nbsp;&nbsp;&nbsp;PendSV_Handler
</UL>
<BR>[Called By]<UL><LI><a href="#[4]">&gt;&gt;</a>&nbsp;&nbsp;&nbsp;PendSV_Handler
</UL>
<BR>[Address Reference Count : 1]<UL><LI> startup_stm32f042x6.o(RESET)
</UL>
<P><STRONG><a name="[5]"></a>SysTick_Handler</STRONG> (Thumb, 2 bytes, Stack size 0 bytes, startup_stm32f042x6.o(.text))
<BR><BR>[Calls]<UL><LI><a href="#[5]">&gt;&gt;</a>&nbsp;&nbsp;&nbsp;SysTick_Handler
</UL>
<BR>[Called By]<UL><LI><a href="#[5]">&gt;&gt;</a>&nbsp;&nbsp;&nbsp;SysTick_Handler
</UL>
<BR>[Address Reference Count : 1]<UL><LI> startup_stm32f042x6.o(RESET)
</UL>
<P><STRONG><a name="[12]"></a>ADC1_IRQHandler</STRONG> (Thumb, 0 bytes, Stack size 0 bytes, startup_stm32f042x6.o(.text))
<BR><BR>[Calls]<UL><LI><a href="#[12]">&gt;&gt;</a>&nbsp;&nbsp;&nbsp;ADC1_IRQHandler
</UL>
<BR>[Called By]<UL><LI><a href="#[12]">&gt;&gt;</a>&nbsp;&nbsp;&nbsp;ADC1_IRQHandler
</UL>
<BR>[Address Reference Count : 1]<UL><LI> startup_stm32f042x6.o(RESET)
</UL>
<P><STRONG><a name="[1f]"></a>CEC_CAN_IRQHandler</STRONG> (Thumb, 0 bytes, Stack size 0 bytes, startup_stm32f042x6.o(.text))
<BR>[Address Reference Count : 1]<UL><LI> startup_stm32f042x6.o(RESET)
</UL>
<P><STRONG><a name="[f]"></a>DMA1_Channel1_IRQHandler</STRONG> (Thumb, 0 bytes, Stack size 0 bytes, startup_stm32f042x6.o(.text))
<BR>[Address Reference Count : 1]<UL><LI> startup_stm32f042x6.o(RESET)
</UL>
<P><STRONG><a name="[10]"></a>DMA1_Channel2_3_IRQHandler</STRONG> (Thumb, 0 bytes, Stack size 0 bytes, startup_stm32f042x6.o(.text))
<BR>[Address Reference Count : 1]<UL><LI> startup_stm32f042x6.o(RESET)
</UL>
<P><STRONG><a name="[11]"></a>DMA1_Channel4_5_IRQHandler</STRONG> (Thumb, 0 bytes, Stack size 0 bytes, startup_stm32f042x6.o(.text))
<BR>[Address Reference Count : 1]<UL><LI> startup_stm32f042x6.o(RESET)
</UL>
<P><STRONG><a name="[c]"></a>EXTI2_3_IRQHandler</STRONG> (Thumb, 0 bytes, Stack size 0 bytes, startup_stm32f042x6.o(.text))
<BR>[Address Reference Count : 1]<UL><LI> startup_stm32f042x6.o(RESET)
</UL>
<P><STRONG><a name="[d]"></a>EXTI4_15_IRQHandler</STRONG> (Thumb, 0 bytes, Stack size 0 bytes, startup_stm32f042x6.o(.text))
<BR>[Address Reference Count : 1]<UL><LI> startup_stm32f042x6.o(RESET)
</UL>
<P><STRONG><a name="[9]"></a>FLASH_IRQHandler</STRONG> (Thumb, 0 bytes, Stack size 0 bytes, startup_stm32f042x6.o(.text))
<BR>[Address Reference Count : 1]<UL><LI> startup_stm32f042x6.o(RESET)
</UL>
<P><STRONG><a name="[1a]"></a>I2C1_IRQHandler</STRONG> (Thumb, 0 bytes, Stack size 0 bytes, startup_stm32f042x6.o(.text))
<BR>[Address Reference Count : 1]<UL><LI> startup_stm32f042x6.o(RESET)
</UL>
<P><STRONG><a name="[7]"></a>PVD_VDDIO2_IRQHandler</STRONG> (Thumb, 0 bytes, Stack size 0 bytes, startup_stm32f042x6.o(.text))
<BR>[Address Reference Count : 1]<UL><LI> startup_stm32f042x6.o(RESET)
</UL>
<P><STRONG><a name="[a]"></a>RCC_CRS_IRQHandler</STRONG> (Thumb, 0 bytes, Stack size 0 bytes, startup_stm32f042x6.o(.text))
<BR>[Address Reference Count : 1]<UL><LI> startup_stm32f042x6.o(RESET)
</UL>
<P><STRONG><a name="[8]"></a>RTC_IRQHandler</STRONG> (Thumb, 0 bytes, Stack size 0 bytes, startup_stm32f042x6.o(.text))
<BR>[Address Reference Count : 1]<UL><LI> startup_stm32f042x6.o(RESET)
</UL>
<P><STRONG><a name="[1b]"></a>SPI1_IRQHandler</STRONG> (Thumb, 0 bytes, Stack size 0 bytes, startup_stm32f042x6.o(.text))
<BR>[Address Reference Count : 1]<UL><LI> startup_stm32f042x6.o(RESET)
</UL>
<P><STRONG><a name="[1c]"></a>SPI2_IRQHandler</STRONG> (Thumb, 0 bytes, Stack size 0 bytes, startup_stm32f042x6.o(.text))
<BR>[Address Reference Count : 1]<UL><LI> startup_stm32f042x6.o(RESET)
</UL>
<P><STRONG><a name="[17]"></a>TIM14_IRQHandler</STRONG> (Thumb, 0 bytes, Stack size 0 bytes, startup_stm32f042x6.o(.text))
<BR>[Address Reference Count : 1]<UL><LI> startup_stm32f042x6.o(RESET)
</UL>
<P><STRONG><a name="[18]"></a>TIM16_IRQHandler</STRONG> (Thumb, 0 bytes, Stack size 0 bytes, startup_stm32f042x6.o(.text))
<BR>[Address Reference Count : 1]<UL><LI> startup_stm32f042x6.o(RESET)
</UL>
<P><STRONG><a name="[13]"></a>TIM1_BRK_UP_TRG_COM_IRQHandler</STRONG> (Thumb, 0 bytes, Stack size 0 bytes, startup_stm32f042x6.o(.text))
<BR>[Address Reference Count : 1]<UL><LI> startup_stm32f042x6.o(RESET)
</UL>
<P><STRONG><a name="[14]"></a>TIM1_CC_IRQHandler</STRONG> (Thumb, 0 bytes, Stack size 0 bytes, startup_stm32f042x6.o(.text))
<BR>[Address Reference Count : 1]<UL><LI> startup_stm32f042x6.o(RESET)
</UL>
<P><STRONG><a name="[15]"></a>TIM2_IRQHandler</STRONG> (Thumb, 0 bytes, Stack size 0 bytes, startup_stm32f042x6.o(.text))
<BR>[Address Reference Count : 1]<UL><LI> startup_stm32f042x6.o(RESET)
</UL>
<P><STRONG><a name="[16]"></a>TIM3_IRQHandler</STRONG> (Thumb, 0 bytes, Stack size 0 bytes, startup_stm32f042x6.o(.text))
<BR>[Address Reference Count : 1]<UL><LI> startup_stm32f042x6.o(RESET)
</UL>
<P><STRONG><a name="[e]"></a>TSC_IRQHandler</STRONG> (Thumb, 0 bytes, Stack size 0 bytes, startup_stm32f042x6.o(.text))
<BR>[Address Reference Count : 1]<UL><LI> startup_stm32f042x6.o(RESET)
</UL>
<P><STRONG><a name="[1d]"></a>USART1_IRQHandler</STRONG> (Thumb, 0 bytes, Stack size 0 bytes, startup_stm32f042x6.o(.text))
<BR>[Address Reference Count : 1]<UL><LI> startup_stm32f042x6.o(RESET)
</UL>
<P><STRONG><a name="[1e]"></a>USART2_IRQHandler</STRONG> (Thumb, 0 bytes, Stack size 0 bytes, startup_stm32f042x6.o(.text))
<BR>[Address Reference Count : 1]<UL><LI> startup_stm32f042x6.o(RESET)
</UL>
<P><STRONG><a name="[20]"></a>USB_IRQHandler</STRONG> (Thumb, 0 bytes, Stack size 0 bytes, startup_stm32f042x6.o(.text))
<BR>[Address Reference Count : 1]<UL><LI> startup_stm32f042x6.o(RESET)
</UL>
<P><STRONG><a name="[6]"></a>WWDG_IRQHandler</STRONG> (Thumb, 0 bytes, Stack size 0 bytes, startup_stm32f042x6.o(.text))
<BR>[Address Reference Count : 1]<UL><LI> startup_stm32f042x6.o(RESET)
</UL>
<P><STRONG><a name="[44]"></a>__aeabi_uidiv</STRONG> (Thumb, 0 bytes, Stack size 12 bytes, uidiv.o(.text), UNUSED)

<P><STRONG><a name="[28]"></a>__aeabi_uidivmod</STRONG> (Thumb, 44 bytes, Stack size 12 bytes, uidiv.o(.text))
<BR><BR>[Stack]<UL><LI>Max Depth = 12<LI>Call Chain = __aeabi_uidivmod
</UL>
<BR>[Called By]<UL><LI><a href="#[27]">&gt;&gt;</a>&nbsp;&nbsp;&nbsp;__aeabi_idivmod
</UL>

<P><STRONG><a name="[45]"></a>__aeabi_idiv</STRONG> (Thumb, 0 bytes, Stack size 16 bytes, idiv.o(.text), UNUSED)

<P><STRONG><a name="[27]"></a>__aeabi_idivmod</STRONG> (Thumb, 40 bytes, Stack size 16 bytes, idiv.o(.text))
<BR><BR>[Stack]<UL><LI>Max Depth = 28<LI>Call Chain = __aeabi_idivmod &rArr; __aeabi_uidivmod
</UL>
<BR>[Calls]<UL><LI><a href="#[28]">&gt;&gt;</a>&nbsp;&nbsp;&nbsp;__aeabi_uidivmod
</UL>
<BR>[Called By]<UL><LI><a href="#[34]">&gt;&gt;</a>&nbsp;&nbsp;&nbsp;LCD_PrintDec
</UL>

<P><STRONG><a name="[26]"></a>__scatterload</STRONG> (Thumb, 28 bytes, Stack size 0 bytes, init.o(.text))
<BR><BR>[Calls]<UL><LI><a href="#[29]">&gt;&gt;</a>&nbsp;&nbsp;&nbsp;__main_after_scatterload
</UL>
<BR>[Called By]<UL><LI><a href="#[25]">&gt;&gt;</a>&nbsp;&nbsp;&nbsp;_main_scatterload
</UL>

<P><STRONG><a name="[46]"></a>__scatterload_rt2</STRONG> (Thumb, 0 bytes, Stack size 0 bytes, init.o(.text), UNUSED)

<P><STRONG><a name="[b]"></a>EXTI0_1_IRQHandler</STRONG> (Thumb, 32 bytes, Stack size 0 bytes, main.o(i.EXTI0_1_IRQHandler))
<BR>[Address Reference Count : 1]<UL><LI> startup_stm32f042x6.o(RESET)
</UL>
<P><STRONG><a name="[2b]"></a>I2C_Start</STRONG> (Thumb, 44 bytes, Stack size 0 bytes, main.o(i.I2C_Start))
<BR><BR>[Called By]<UL><LI><a href="#[32]">&gt;&gt;</a>&nbsp;&nbsp;&nbsp;LCD_Init
<LI><a href="#[31]">&gt;&gt;</a>&nbsp;&nbsp;&nbsp;LCD_Gotoxy
<LI><a href="#[2a]">&gt;&gt;</a>&nbsp;&nbsp;&nbsp;LCD_Char
</UL>

<P><STRONG><a name="[2d]"></a>I2C_Stop</STRONG> (Thumb, 54 bytes, Stack size 0 bytes, main.o(i.I2C_Stop))
<BR><BR>[Called By]<UL><LI><a href="#[32]">&gt;&gt;</a>&nbsp;&nbsp;&nbsp;LCD_Init
<LI><a href="#[31]">&gt;&gt;</a>&nbsp;&nbsp;&nbsp;LCD_Gotoxy
<LI><a href="#[2a]">&gt;&gt;</a>&nbsp;&nbsp;&nbsp;LCD_Char
</UL>

<P><STRONG><a name="[2c]"></a>I2C_write</STRONG> (Thumb, 20 bytes, Stack size 0 bytes, main.o(i.I2C_write))
<BR><BR>[Called By]<UL><LI><a href="#[32]">&gt;&gt;</a>&nbsp;&nbsp;&nbsp;LCD_Init
<LI><a href="#[31]">&gt;&gt;</a>&nbsp;&nbsp;&nbsp;LCD_Gotoxy
<LI><a href="#[2a]">&gt;&gt;</a>&nbsp;&nbsp;&nbsp;LCD_Char
</UL>

<P><STRONG><a name="[2a]"></a>LCD_Char</STRONG> (Thumb, 90 bytes, Stack size 12 bytes, main.o(i.LCD_Char))
<BR><BR>[Stack]<UL><LI>Max Depth = 12<LI>Call Chain = LCD_Char
</UL>
<BR>[Calls]<UL><LI><a href="#[2c]">&gt;&gt;</a>&nbsp;&nbsp;&nbsp;I2C_write
<LI><a href="#[2d]">&gt;&gt;</a>&nbsp;&nbsp;&nbsp;I2C_Stop
<LI><a href="#[2b]">&gt;&gt;</a>&nbsp;&nbsp;&nbsp;I2C_Start
</UL>
<BR>[Called By]<UL><LI><a href="#[2f]">&gt;&gt;</a>&nbsp;&nbsp;&nbsp;LCD_PrintStr
<LI><a href="#[34]">&gt;&gt;</a>&nbsp;&nbsp;&nbsp;LCD_PrintDec
</UL>

<P><STRONG><a name="[2e]"></a>LCD_Clear</STRONG> (Thumb, 24 bytes, Stack size 8 bytes, main.o(i.LCD_Clear))
<BR><BR>[Stack]<UL><LI>Max Depth = 32<LI>Call Chain = LCD_Clear &rArr; LCD_PrintStr &rArr; LCD_Char
</UL>
<BR>[Calls]<UL><LI><a href="#[2f]">&gt;&gt;</a>&nbsp;&nbsp;&nbsp;LCD_PrintStr
</UL>
<BR>[Called By]<UL><LI><a href="#[21]">&gt;&gt;</a>&nbsp;&nbsp;&nbsp;main
</UL>

<P><STRONG><a name="[30]"></a>LCD_ClearStr</STRONG> (Thumb, 38 bytes, Stack size 16 bytes, main.o(i.LCD_ClearStr))
<BR><BR>[Stack]<UL><LI>Max Depth = 40<LI>Call Chain = LCD_ClearStr &rArr; LCD_PrintStr &rArr; LCD_Char
</UL>
<BR>[Calls]<UL><LI><a href="#[2f]">&gt;&gt;</a>&nbsp;&nbsp;&nbsp;LCD_PrintStr
<LI><a href="#[31]">&gt;&gt;</a>&nbsp;&nbsp;&nbsp;LCD_Gotoxy
</UL>
<BR>[Called By]<UL><LI><a href="#[21]">&gt;&gt;</a>&nbsp;&nbsp;&nbsp;main
</UL>

<P><STRONG><a name="[31]"></a>LCD_Gotoxy</STRONG> (Thumb, 56 bytes, Stack size 8 bytes, main.o(i.LCD_Gotoxy))
<BR><BR>[Stack]<UL><LI>Max Depth = 8<LI>Call Chain = LCD_Gotoxy
</UL>
<BR>[Calls]<UL><LI><a href="#[2c]">&gt;&gt;</a>&nbsp;&nbsp;&nbsp;I2C_write
<LI><a href="#[2d]">&gt;&gt;</a>&nbsp;&nbsp;&nbsp;I2C_Stop
<LI><a href="#[2b]">&gt;&gt;</a>&nbsp;&nbsp;&nbsp;I2C_Start
</UL>
<BR>[Called By]<UL><LI><a href="#[21]">&gt;&gt;</a>&nbsp;&nbsp;&nbsp;main
<LI><a href="#[30]">&gt;&gt;</a>&nbsp;&nbsp;&nbsp;LCD_ClearStr
</UL>

<P><STRONG><a name="[32]"></a>LCD_Init</STRONG> (Thumb, 140 bytes, Stack size 4 bytes, main.o(i.LCD_Init))
<BR><BR>[Stack]<UL><LI>Max Depth = 4<LI>Call Chain = LCD_Init
</UL>
<BR>[Calls]<UL><LI><a href="#[33]">&gt;&gt;</a>&nbsp;&nbsp;&nbsp;delay_ms
<LI><a href="#[2c]">&gt;&gt;</a>&nbsp;&nbsp;&nbsp;I2C_write
<LI><a href="#[2d]">&gt;&gt;</a>&nbsp;&nbsp;&nbsp;I2C_Stop
<LI><a href="#[2b]">&gt;&gt;</a>&nbsp;&nbsp;&nbsp;I2C_Start
</UL>
<BR>[Called By]<UL><LI><a href="#[21]">&gt;&gt;</a>&nbsp;&nbsp;&nbsp;main
</UL>

<P><STRONG><a name="[34]"></a>LCD_PrintDec</STRONG> (Thumb, 90 bytes, Stack size 32 bytes, main.o(i.LCD_PrintDec))
<BR><BR>[Stack]<UL><LI>Max Depth = 60<LI>Call Chain = LCD_PrintDec &rArr; __aeabi_idivmod &rArr; __aeabi_uidivmod
</UL>
<BR>[Calls]<UL><LI><a href="#[27]">&gt;&gt;</a>&nbsp;&nbsp;&nbsp;__aeabi_idivmod
<LI><a href="#[2a]">&gt;&gt;</a>&nbsp;&nbsp;&nbsp;LCD_Char
</UL>
<BR>[Called By]<UL><LI><a href="#[21]">&gt;&gt;</a>&nbsp;&nbsp;&nbsp;main
</UL>

<P><STRONG><a name="[2f]"></a>LCD_PrintStr</STRONG> (Thumb, 26 bytes, Stack size 12 bytes, main.o(i.LCD_PrintStr))
<BR><BR>[Stack]<UL><LI>Max Depth = 24<LI>Call Chain = LCD_PrintStr &rArr; LCD_Char
</UL>
<BR>[Calls]<UL><LI><a href="#[2a]">&gt;&gt;</a>&nbsp;&nbsp;&nbsp;LCD_Char
</UL>
<BR>[Called By]<UL><LI><a href="#[21]">&gt;&gt;</a>&nbsp;&nbsp;&nbsp;main
<LI><a href="#[30]">&gt;&gt;</a>&nbsp;&nbsp;&nbsp;LCD_ClearStr
<LI><a href="#[2e]">&gt;&gt;</a>&nbsp;&nbsp;&nbsp;LCD_Clear
</UL>

<P><STRONG><a name="[35]"></a>SX1276_Init</STRONG> (Thumb, 76 bytes, Stack size 12 bytes, main.o(i.SX1276_Init))
<BR><BR>[Stack]<UL><LI>Max Depth = 20<LI>Call Chain = SX1276_Init &rArr; SX1276_WriteSingle
</UL>
<BR>[Calls]<UL><LI><a href="#[33]">&gt;&gt;</a>&nbsp;&nbsp;&nbsp;delay_ms
<LI><a href="#[36]">&gt;&gt;</a>&nbsp;&nbsp;&nbsp;SX1276_WriteSingle
</UL>
<BR>[Called By]<UL><LI><a href="#[21]">&gt;&gt;</a>&nbsp;&nbsp;&nbsp;main
</UL>

<P><STRONG><a name="[3c]"></a>SX1276_ReadBurst</STRONG> (Thumb, 154 bytes, Stack size 12 bytes, main.o(i.SX1276_ReadBurst))
<BR><BR>[Stack]<UL><LI>Max Depth = 12<LI>Call Chain = SX1276_ReadBurst
</UL>
<BR>[Called By]<UL><LI><a href="#[21]">&gt;&gt;</a>&nbsp;&nbsp;&nbsp;main
</UL>

<P><STRONG><a name="[3b]"></a>SX1276_ReadSingle</STRONG> (Thumb, 154 bytes, Stack size 0 bytes, main.o(i.SX1276_ReadSingle))
<BR><BR>[Called By]<UL><LI><a href="#[21]">&gt;&gt;</a>&nbsp;&nbsp;&nbsp;main
</UL>

<P><STRONG><a name="[3d]"></a>SX1276_WriteBurst</STRONG> (Thumb, 156 bytes, Stack size 12 bytes, main.o(i.SX1276_WriteBurst))
<BR><BR>[Stack]<UL><LI>Max Depth = 12<LI>Call Chain = SX1276_WriteBurst
</UL>
<BR>[Called By]<UL><LI><a href="#[21]">&gt;&gt;</a>&nbsp;&nbsp;&nbsp;main
</UL>

<P><STRONG><a name="[36]"></a>SX1276_WriteSingle</STRONG> (Thumb, 142 bytes, Stack size 8 bytes, main.o(i.SX1276_WriteSingle))
<BR><BR>[Stack]<UL><LI>Max Depth = 8<LI>Call Chain = SX1276_WriteSingle
</UL>
<BR>[Called By]<UL><LI><a href="#[21]">&gt;&gt;</a>&nbsp;&nbsp;&nbsp;main
<LI><a href="#[35]">&gt;&gt;</a>&nbsp;&nbsp;&nbsp;SX1276_Init
</UL>

<P><STRONG><a name="[22]"></a>SystemInit</STRONG> (Thumb, 104 bytes, Stack size 0 bytes, system_stm32f0xx.o(i.SystemInit))
<BR>[Address Reference Count : 1]<UL><LI> startup_stm32f042x6.o(.text)
</UL>
<P><STRONG><a name="[19]"></a>TIM17_IRQHandler</STRONG> (Thumb, 32 bytes, Stack size 4 bytes, main.o(i.TIM17_IRQHandler))
<BR><BR>[Stack]<UL><LI>Max Depth = 4<LI>Call Chain = TIM17_IRQHandler
</UL>
<BR>[Calls]<UL><LI><a href="#[37]">&gt;&gt;</a>&nbsp;&nbsp;&nbsp;TimingDelayDec
</UL>
<BR>[Address Reference Count : 1]<UL><LI> startup_stm32f042x6.o(RESET)
</UL>
<P><STRONG><a name="[37]"></a>TimingDelayDec</STRONG> (Thumb, 120 bytes, Stack size 0 bytes, main.o(i.TimingDelayDec))
<BR><BR>[Called By]<UL><LI><a href="#[19]">&gt;&gt;</a>&nbsp;&nbsp;&nbsp;TIM17_IRQHandler
</UL>

<P><STRONG><a name="[47]"></a>__scatterload_copy</STRONG> (Thumb, 14 bytes, Stack size unknown bytes, handlers.o(i.__scatterload_copy), UNUSED)

<P><STRONG><a name="[48]"></a>__scatterload_null</STRONG> (Thumb, 2 bytes, Stack size unknown bytes, handlers.o(i.__scatterload_null), UNUSED)

<P><STRONG><a name="[49]"></a>__scatterload_zeroinit</STRONG> (Thumb, 14 bytes, Stack size unknown bytes, handlers.o(i.__scatterload_zeroinit), UNUSED)

<P><STRONG><a name="[33]"></a>delay_ms</STRONG> (Thumb, 16 bytes, Stack size 0 bytes, main.o(i.delay_ms))
<BR><BR>[Called By]<UL><LI><a href="#[21]">&gt;&gt;</a>&nbsp;&nbsp;&nbsp;main
<LI><a href="#[35]">&gt;&gt;</a>&nbsp;&nbsp;&nbsp;SX1276_Init
<LI><a href="#[32]">&gt;&gt;</a>&nbsp;&nbsp;&nbsp;LCD_Init
</UL>

<P><STRONG><a name="[38]"></a>initial</STRONG> (Thumb, 486 bytes, Stack size 8 bytes, main.o(i.initial))
<BR><BR>[Stack]<UL><LI>Max Depth = 16<LI>Call Chain = initial &rArr; __NVIC_SetPriority
</UL>
<BR>[Calls]<UL><LI><a href="#[3a]">&gt;&gt;</a>&nbsp;&nbsp;&nbsp;__NVIC_SetPriority
<LI><a href="#[39]">&gt;&gt;</a>&nbsp;&nbsp;&nbsp;__NVIC_EnableIRQ
</UL>
<BR>[Called By]<UL><LI><a href="#[21]">&gt;&gt;</a>&nbsp;&nbsp;&nbsp;main
</UL>

<P><STRONG><a name="[21]"></a>main</STRONG> (Thumb, 594 bytes, Stack size 0 bytes, main.o(i.main))
<BR><BR>[Stack]<UL><LI>Max Depth = 60<LI>Call Chain = main &rArr; LCD_PrintDec &rArr; __aeabi_idivmod &rArr; __aeabi_uidivmod
</UL>
<BR>[Calls]<UL><LI><a href="#[38]">&gt;&gt;</a>&nbsp;&nbsp;&nbsp;initial
<LI><a href="#[33]">&gt;&gt;</a>&nbsp;&nbsp;&nbsp;delay_ms
<LI><a href="#[36]">&gt;&gt;</a>&nbsp;&nbsp;&nbsp;SX1276_WriteSingle
<LI><a href="#[3d]">&gt;&gt;</a>&nbsp;&nbsp;&nbsp;SX1276_WriteBurst
<LI><a href="#[3b]">&gt;&gt;</a>&nbsp;&nbsp;&nbsp;SX1276_ReadSingle
<LI><a href="#[3c]">&gt;&gt;</a>&nbsp;&nbsp;&nbsp;SX1276_ReadBurst
<LI><a href="#[35]">&gt;&gt;</a>&nbsp;&nbsp;&nbsp;SX1276_Init
<LI><a href="#[2f]">&gt;&gt;</a>&nbsp;&nbsp;&nbsp;LCD_PrintStr
<LI><a href="#[34]">&gt;&gt;</a>&nbsp;&nbsp;&nbsp;LCD_PrintDec
<LI><a href="#[32]">&gt;&gt;</a>&nbsp;&nbsp;&nbsp;LCD_Init
<LI><a href="#[31]">&gt;&gt;</a>&nbsp;&nbsp;&nbsp;LCD_Gotoxy
<LI><a href="#[30]">&gt;&gt;</a>&nbsp;&nbsp;&nbsp;LCD_ClearStr
<LI><a href="#[2e]">&gt;&gt;</a>&nbsp;&nbsp;&nbsp;LCD_Clear
</UL>
<BR>[Address Reference Count : 1]<UL><LI> entry9a.o(.ARM.Collect$$$$0000000B)
</UL><P>
<H3>
Local Symbols
</H3>
<P><STRONG><a name="[39]"></a>__NVIC_EnableIRQ</STRONG> (Thumb, 18 bytes, Stack size 0 bytes, main.o(i.__NVIC_EnableIRQ))
<BR><BR>[Called By]<UL><LI><a href="#[38]">&gt;&gt;</a>&nbsp;&nbsp;&nbsp;initial
</UL>

<P><STRONG><a name="[3a]"></a>__NVIC_SetPriority</STRONG> (Thumb, 110 bytes, Stack size 8 bytes, main.o(i.__NVIC_SetPriority))
<BR><BR>[Stack]<UL><LI>Max Depth = 8<LI>Call Chain = __NVIC_SetPriority
</UL>
<BR>[Called By]<UL><LI><a href="#[38]">&gt;&gt;</a>&nbsp;&nbsp;&nbsp;initial
</UL>
<P>
<H3>
Undefined Global Symbols
</H3><HR></body></html>
