Component: ARM Compiler 5.06 update 6 (build 750) Tool: armlink [4d35ed]

==============================================================================

Section Cross References

    main.o(i.EXTI0_1_IRQHandler) refers to main.o(.data) for Flag
    main.o(i.LCD_Char) refers to main.o(i.I2C_Start) for I2C_Start
    main.o(i.LCD_Char) refers to main.o(i.I2C_write) for I2C_write
    main.o(i.LCD_Char) refers to main.o(i.I2C_Stop) for I2C_Stop
    main.o(i.LCD_Char) refers to main.o(.constdata) for T191_font
    main.o(i.LCD_Clear) refers to main.o(i.LCD_PrintStr) for LCD_PrintStr
    main.o(i.LCD_ClearStr) refers to main.o(i.LCD_Gotoxy) for LCD_Gotoxy
    main.o(i.LCD_ClearStr) refers to main.o(i.LCD_PrintStr) for LCD_PrintStr
    main.o(i.LCD_Gotoxy) refers to main.o(i.I2C_Start) for I2C_Start
    main.o(i.LCD_Gotoxy) refers to main.o(i.I2C_write) for I2C_write
    main.o(i.LCD_Gotoxy) refers to main.o(i.I2C_Stop) for I2C_Stop
    main.o(i.LCD_Init) refers to main.o(i.delay_ms) for delay_ms
    main.o(i.LCD_Init) refers to main.o(i.I2C_Start) for I2C_Start
    main.o(i.LCD_Init) refers to main.o(i.I2C_write) for I2C_write
    main.o(i.LCD_Init) refers to main.o(i.I2C_Stop) for I2C_Stop
    main.o(i.LCD_PrintBin) refers to main.o(i.LCD_Char) for LCD_Char
    main.o(i.LCD_PrintDec) refers to idiv.o(.text) for __aeabi_idivmod
    main.o(i.LCD_PrintDec) refers to main.o(i.LCD_Char) for LCD_Char
    main.o(i.LCD_PrintHex) refers to main.o(i.LCD_Char) for LCD_Char
    main.o(i.LCD_PrintStr) refers to main.o(i.LCD_Char) for LCD_Char
    main.o(i.LCD_Write_data) refers to main.o(i.I2C_Start) for I2C_Start
    main.o(i.LCD_Write_data) refers to main.o(i.I2C_write) for I2C_write
    main.o(i.LCD_Write_data) refers to main.o(i.I2C_Stop) for I2C_Stop
    main.o(i.LCD_mode) refers to main.o(i.I2C_Start) for I2C_Start
    main.o(i.LCD_mode) refers to main.o(i.I2C_write) for I2C_write
    main.o(i.LCD_mode) refers to main.o(i.I2C_Stop) for I2C_Stop
    main.o(i.SX1276_Init) refers to main.o(i.delay_ms) for delay_ms
    main.o(i.SX1276_Init) refers to main.o(i.SX1276_WriteSingle) for SX1276_WriteSingle
    main.o(i.SX1276_Init) refers to main.o(.constdata) for LoRa_config
    main.o(i.TIM17_IRQHandler) refers to main.o(i.TimingDelayDec) for TimingDelayDec
    main.o(i.TimingDelayDec) refers to main.o(.data) for TimingDelay
    main.o(i.delay_ms) refers to main.o(.data) for TimingDelay
    main.o(i.initial) refers to main.o(i.__NVIC_EnableIRQ) for __NVIC_EnableIRQ
    main.o(i.initial) refers to main.o(i.__NVIC_SetPriority) for __NVIC_SetPriority
    main.o(i.main) refers to main.o(i.initial) for initial
    main.o(i.main) refers to main.o(i.SX1276_Init) for SX1276_Init
    main.o(i.main) refers to main.o(i.LCD_Init) for LCD_Init
    main.o(i.main) refers to main.o(i.LCD_Clear) for LCD_Clear
    main.o(i.main) refers to main.o(i.LCD_Gotoxy) for LCD_Gotoxy
    main.o(i.main) refers to main.o(i.LCD_PrintStr) for LCD_PrintStr
    main.o(i.main) refers to main.o(i.SX1276_WriteSingle) for SX1276_WriteSingle
    main.o(i.main) refers to main.o(i.SX1276_ReadSingle) for SX1276_ReadSingle
    main.o(i.main) refers to main.o(i.SX1276_ReadBurst) for SX1276_ReadBurst
    main.o(i.main) refers to main.o(i.LCD_PrintDec) for LCD_PrintDec
    main.o(i.main) refers to main.o(i.LCD_ClearStr) for LCD_ClearStr
    main.o(i.main) refers to main.o(i.SX1276_WriteBurst) for SX1276_WriteBurst
    main.o(i.main) refers to main.o(i.delay_ms) for delay_ms
    main.o(i.main) refers to main.o(.data) for Flag
    main.o(i.main) refers to main.o(.bss) for RX_BUF
    startup_stm32f042x6.o(RESET) refers to startup_stm32f042x6.o(STACK) for __initial_sp
    startup_stm32f042x6.o(RESET) refers to startup_stm32f042x6.o(.text) for Reset_Handler
    startup_stm32f042x6.o(RESET) refers to main.o(i.EXTI0_1_IRQHandler) for EXTI0_1_IRQHandler
    startup_stm32f042x6.o(RESET) refers to main.o(i.TIM17_IRQHandler) for TIM17_IRQHandler
    startup_stm32f042x6.o(.text) refers to startup_stm32f042x6.o(STACK) for __initial_sp
    startup_stm32f042x6.o(.text) refers to system_stm32f0xx.o(i.SystemInit) for SystemInit
    startup_stm32f042x6.o(.text) refers to entry.o(.ARM.Collect$$$$00000000) for __main
    system_stm32f0xx.o(i.SystemCoreClockUpdate) refers to uidiv.o(.text) for __aeabi_uidivmod
    system_stm32f0xx.o(i.SystemCoreClockUpdate) refers to system_stm32f0xx.o(.data) for SystemCoreClock
    system_stm32f0xx.o(i.SystemCoreClockUpdate) refers to system_stm32f0xx.o(.constdata) for AHBPrescTable
    entry.o(.ARM.Collect$$$$00000000) refers (Special) to entry10a.o(.ARM.Collect$$$$0000000D) for __rt_final_cpp
    entry.o(.ARM.Collect$$$$00000000) refers (Special) to entry11a.o(.ARM.Collect$$$$0000000F) for __rt_final_exit
    entry.o(.ARM.Collect$$$$00000000) refers (Special) to entry7b.o(.ARM.Collect$$$$00000008) for _main_clock
    entry.o(.ARM.Collect$$$$00000000) refers (Special) to entry8b.o(.ARM.Collect$$$$0000000A) for _main_cpp_init
    entry.o(.ARM.Collect$$$$00000000) refers (Special) to entry9a.o(.ARM.Collect$$$$0000000B) for _main_init
    entry.o(.ARM.Collect$$$$00000000) refers (Special) to entry5.o(.ARM.Collect$$$$00000004) for _main_scatterload
    entry.o(.ARM.Collect$$$$00000000) refers (Special) to entry2.o(.ARM.Collect$$$$00000001) for _main_stk
    idiv.o(.text) refers to uidiv.o(.text) for __aeabi_uidivmod
    entry2.o(.ARM.Collect$$$$00000001) refers to entry2.o(.ARM.Collect$$$$00002712) for __lit__00000000
    entry2.o(.ARM.Collect$$$$00002712) refers to startup_stm32f042x6.o(STACK) for __initial_sp
    entry2.o(__vectab_stack_and_reset_area) refers to startup_stm32f042x6.o(STACK) for __initial_sp
    entry2.o(__vectab_stack_and_reset_area) refers to entry.o(.ARM.Collect$$$$00000000) for __main
    entry5.o(.ARM.Collect$$$$00000004) refers to init.o(.text) for __scatterload
    entry9a.o(.ARM.Collect$$$$0000000B) refers to main.o(i.main) for main
    entry9b.o(.ARM.Collect$$$$0000000C) refers to main.o(i.main) for main
    init.o(.text) refers to entry5.o(.ARM.Collect$$$$00000004) for __main_after_scatterload


==============================================================================

Removing Unused input sections from the image.

    Removing main.o(.rev16_text), (4 bytes).
    Removing main.o(.revsh_text), (4 bytes).
    Removing main.o(i.LCD_PrintBin), (94 bytes).
    Removing main.o(i.LCD_PrintHex), (124 bytes).
    Removing main.o(i.LCD_Write_data), (26 bytes).
    Removing main.o(i.LCD_mode), (56 bytes).
    Removing startup_stm32f042x6.o(HEAP), (512 bytes).
    Removing system_stm32f0xx.o(.rev16_text), (4 bytes).
    Removing system_stm32f0xx.o(.revsh_text), (4 bytes).
    Removing system_stm32f0xx.o(i.SystemCoreClockUpdate), (208 bytes).
    Removing system_stm32f0xx.o(.constdata), (24 bytes).
    Removing system_stm32f0xx.o(.data), (4 bytes).

12 unused section(s) (total 1064 bytes) removed from the image.

==============================================================================

Image Symbol Table

    Local Symbols

    Symbol Name                              Value     Ov Type        Size  Object(Section)

    ../clib/microlib/division.c              0x00000000   Number         0  uidiv.o ABSOLUTE
    ../clib/microlib/division.c              0x00000000   Number         0  idiv.o ABSOLUTE
    ../clib/microlib/init/entry.s            0x00000000   Number         0  entry7a.o ABSOLUTE
    ../clib/microlib/init/entry.s            0x00000000   Number         0  entry11b.o ABSOLUTE
    ../clib/microlib/init/entry.s            0x00000000   Number         0  entry10b.o ABSOLUTE
    ../clib/microlib/init/entry.s            0x00000000   Number         0  entry10a.o ABSOLUTE
    ../clib/microlib/init/entry.s            0x00000000   Number         0  entry11a.o ABSOLUTE
    ../clib/microlib/init/entry.s            0x00000000   Number         0  entry9b.o ABSOLUTE
    ../clib/microlib/init/entry.s            0x00000000   Number         0  entry9a.o ABSOLUTE
    ../clib/microlib/init/entry.s            0x00000000   Number         0  entry2.o ABSOLUTE
    ../clib/microlib/init/entry.s            0x00000000   Number         0  entry8b.o ABSOLUTE
    ../clib/microlib/init/entry.s            0x00000000   Number         0  entry8a.o ABSOLUTE
    ../clib/microlib/init/entry.s            0x00000000   Number         0  entry5.o ABSOLUTE
    ../clib/microlib/init/entry.s            0x00000000   Number         0  entry7b.o ABSOLUTE
    ../clib/microlib/init/entry.s            0x00000000   Number         0  entry.o ABSOLUTE
    RTE\Device\STM32F042G4Ux\startup_stm32f042x6.s 0x00000000   Number         0  startup_stm32f042x6.o ABSOLUTE
    RTE\Device\STM32F042G4Ux\system_stm32f0xx.c 0x00000000   Number         0  system_stm32f0xx.o ABSOLUTE
    RTE\\Device\\STM32F042G4Ux\\system_stm32f0xx.c 0x00000000   Number         0  system_stm32f0xx.o ABSOLUTE
    dc.s                                     0x00000000   Number         0  dc.o ABSOLUTE
    handlers.s                               0x00000000   Number         0  handlers.o ABSOLUTE
    init.s                                   0x00000000   Number         0  init.o ABSOLUTE
    main.c                                   0x00000000   Number         0  main.o ABSOLUTE
    main.c                                   0x00000000   Number         0  main.o ABSOLUTE
    RESET                                    0x08000000   Section      192  startup_stm32f042x6.o(RESET)
    .ARM.Collect$$$$00000000                 0x080000c0   Section        0  entry.o(.ARM.Collect$$$$00000000)
    .ARM.Collect$$$$00000001                 0x080000c0   Section        4  entry2.o(.ARM.Collect$$$$00000001)
    .ARM.Collect$$$$00000004                 0x080000c4   Section        4  entry5.o(.ARM.Collect$$$$00000004)
    .ARM.Collect$$$$00000008                 0x080000c8   Section        0  entry7b.o(.ARM.Collect$$$$00000008)
    .ARM.Collect$$$$0000000A                 0x080000c8   Section        0  entry8b.o(.ARM.Collect$$$$0000000A)
    .ARM.Collect$$$$0000000B                 0x080000c8   Section        8  entry9a.o(.ARM.Collect$$$$0000000B)
    .ARM.Collect$$$$0000000D                 0x080000d0   Section        0  entry10a.o(.ARM.Collect$$$$0000000D)
    .ARM.Collect$$$$0000000F                 0x080000d0   Section        0  entry11a.o(.ARM.Collect$$$$0000000F)
    .ARM.Collect$$$$00002712                 0x080000d0   Section        4  entry2.o(.ARM.Collect$$$$00002712)
    __lit__00000000                          0x080000d0   Data           4  entry2.o(.ARM.Collect$$$$00002712)
    .text                                    0x080000d4   Section       88  startup_stm32f042x6.o(.text)
    .text                                    0x0800012c   Section        0  uidiv.o(.text)
    .text                                    0x08000158   Section        0  idiv.o(.text)
    .text                                    0x08000180   Section       36  init.o(.text)
    i.EXTI0_1_IRQHandler                     0x080001a4   Section        0  main.o(i.EXTI0_1_IRQHandler)
    i.I2C_Start                              0x080001cc   Section        0  main.o(i.I2C_Start)
    i.I2C_Stop                               0x08000200   Section        0  main.o(i.I2C_Stop)
    i.I2C_write                              0x0800023c   Section        0  main.o(i.I2C_write)
    i.LCD_Char                               0x08000254   Section        0  main.o(i.LCD_Char)
    i.LCD_Clear                              0x080002b4   Section        0  main.o(i.LCD_Clear)
    i.LCD_ClearStr                           0x080002e0   Section        0  main.o(i.LCD_ClearStr)
    i.LCD_Gotoxy                             0x0800031c   Section        0  main.o(i.LCD_Gotoxy)
    i.LCD_Init                               0x08000354   Section        0  main.o(i.LCD_Init)
    i.LCD_PrintDec                           0x080003e0   Section        0  main.o(i.LCD_PrintDec)
    i.LCD_PrintStr                           0x0800043a   Section        0  main.o(i.LCD_PrintStr)
    i.SX1276_Init                            0x08000454   Section        0  main.o(i.SX1276_Init)
    i.SX1276_ReadBurst                       0x080004a4   Section        0  main.o(i.SX1276_ReadBurst)
    i.SX1276_ReadSingle                      0x08000544   Section        0  main.o(i.SX1276_ReadSingle)
    i.SX1276_WriteBurst                      0x080005e4   Section        0  main.o(i.SX1276_WriteBurst)
    i.SX1276_WriteSingle                     0x08000684   Section        0  main.o(i.SX1276_WriteSingle)
    i.SystemInit                             0x08000718   Section        0  system_stm32f0xx.o(i.SystemInit)
    i.TIM17_IRQHandler                       0x0800078c   Section        0  main.o(i.TIM17_IRQHandler)
    i.TimingDelayDec                         0x080007b0   Section        0  main.o(i.TimingDelayDec)
    i.__NVIC_EnableIRQ                       0x08000844   Section        0  main.o(i.__NVIC_EnableIRQ)
    __NVIC_EnableIRQ                         0x08000845   Thumb Code    18  main.o(i.__NVIC_EnableIRQ)
    i.__NVIC_SetPriority                     0x0800085c   Section        0  main.o(i.__NVIC_SetPriority)
    __NVIC_SetPriority                       0x0800085d   Thumb Code   110  main.o(i.__NVIC_SetPriority)
    i.__scatterload_copy                     0x080008d4   Section       14  handlers.o(i.__scatterload_copy)
    i.__scatterload_null                     0x080008e2   Section        2  handlers.o(i.__scatterload_null)
    i.__scatterload_zeroinit                 0x080008e4   Section       14  handlers.o(i.__scatterload_zeroinit)
    i.delay_ms                               0x080008f4   Section        0  main.o(i.delay_ms)
    i.initial                                0x08000908   Section        0  main.o(i.initial)
    i.main                                   0x08000b14   Section        0  main.o(i.main)
    .constdata                               0x08000dd8   Section     1138  main.o(.constdata)
    .data                                    0x20000000   Section       35  main.o(.data)
    .bss                                     0x20000024   Section       44  main.o(.bss)
    STACK                                    0x20000050   Section     1024  startup_stm32f042x6.o(STACK)

    Global Symbols

    Symbol Name                              Value     Ov Type        Size  Object(Section)

    BuildAttributes$$THM_ISAv3M$S$PE$A:L22$X:L11$S22$IEEE1$IW$USESV6$~STKCKD$USESV7$~SHL$OSPACE$EBA8$MICROLIB$REQ8$PRES8$EABIv2 0x00000000   Number         0  anon$$obj.o ABSOLUTE
    __ARM_use_no_argv                        0x00000000   Number         0  main.o ABSOLUTE
    __cpp_initialize__aeabi_                  - Undefined Weak Reference
    __cxa_finalize                            - Undefined Weak Reference
    __decompress                              - Undefined Weak Reference
    _clock_init                               - Undefined Weak Reference
    _microlib_exit                            - Undefined Weak Reference
    __Vectors_Size                           0x000000c0   Number         0  startup_stm32f042x6.o ABSOLUTE
    __Vectors                                0x08000000   Data           4  startup_stm32f042x6.o(RESET)
    __Vectors_End                            0x080000c0   Data           0  startup_stm32f042x6.o(RESET)
    __main                                   0x080000c1   Thumb Code     0  entry.o(.ARM.Collect$$$$00000000)
    _main_stk                                0x080000c1   Thumb Code     0  entry2.o(.ARM.Collect$$$$00000001)
    _main_scatterload                        0x080000c5   Thumb Code     0  entry5.o(.ARM.Collect$$$$00000004)
    __main_after_scatterload                 0x080000c9   Thumb Code     0  entry5.o(.ARM.Collect$$$$00000004)
    _main_clock                              0x080000c9   Thumb Code     0  entry7b.o(.ARM.Collect$$$$00000008)
    _main_cpp_init                           0x080000c9   Thumb Code     0  entry8b.o(.ARM.Collect$$$$0000000A)
    _main_init                               0x080000c9   Thumb Code     0  entry9a.o(.ARM.Collect$$$$0000000B)
    __rt_final_cpp                           0x080000d1   Thumb Code     0  entry10a.o(.ARM.Collect$$$$0000000D)
    __rt_final_exit                          0x080000d1   Thumb Code     0  entry11a.o(.ARM.Collect$$$$0000000F)
    Reset_Handler                            0x080000d5   Thumb Code    38  startup_stm32f042x6.o(.text)
    NMI_Handler                              0x080000fb   Thumb Code     2  startup_stm32f042x6.o(.text)
    HardFault_Handler                        0x080000fd   Thumb Code     2  startup_stm32f042x6.o(.text)
    SVC_Handler                              0x080000ff   Thumb Code     2  startup_stm32f042x6.o(.text)
    PendSV_Handler                           0x08000101   Thumb Code     2  startup_stm32f042x6.o(.text)
    SysTick_Handler                          0x08000103   Thumb Code     2  startup_stm32f042x6.o(.text)
    ADC1_IRQHandler                          0x08000105   Thumb Code     0  startup_stm32f042x6.o(.text)
    CEC_CAN_IRQHandler                       0x08000105   Thumb Code     0  startup_stm32f042x6.o(.text)
    DMA1_Channel1_IRQHandler                 0x08000105   Thumb Code     0  startup_stm32f042x6.o(.text)
    DMA1_Channel2_3_IRQHandler               0x08000105   Thumb Code     0  startup_stm32f042x6.o(.text)
    DMA1_Channel4_5_IRQHandler               0x08000105   Thumb Code     0  startup_stm32f042x6.o(.text)
    EXTI2_3_IRQHandler                       0x08000105   Thumb Code     0  startup_stm32f042x6.o(.text)
    EXTI4_15_IRQHandler                      0x08000105   Thumb Code     0  startup_stm32f042x6.o(.text)
    FLASH_IRQHandler                         0x08000105   Thumb Code     0  startup_stm32f042x6.o(.text)
    I2C1_IRQHandler                          0x08000105   Thumb Code     0  startup_stm32f042x6.o(.text)
    PVD_VDDIO2_IRQHandler                    0x08000105   Thumb Code     0  startup_stm32f042x6.o(.text)
    RCC_CRS_IRQHandler                       0x08000105   Thumb Code     0  startup_stm32f042x6.o(.text)
    RTC_IRQHandler                           0x08000105   Thumb Code     0  startup_stm32f042x6.o(.text)
    SPI1_IRQHandler                          0x08000105   Thumb Code     0  startup_stm32f042x6.o(.text)
    SPI2_IRQHandler                          0x08000105   Thumb Code     0  startup_stm32f042x6.o(.text)
    TIM14_IRQHandler                         0x08000105   Thumb Code     0  startup_stm32f042x6.o(.text)
    TIM16_IRQHandler                         0x08000105   Thumb Code     0  startup_stm32f042x6.o(.text)
    TIM1_BRK_UP_TRG_COM_IRQHandler           0x08000105   Thumb Code     0  startup_stm32f042x6.o(.text)
    TIM1_CC_IRQHandler                       0x08000105   Thumb Code     0  startup_stm32f042x6.o(.text)
    TIM2_IRQHandler                          0x08000105   Thumb Code     0  startup_stm32f042x6.o(.text)
    TIM3_IRQHandler                          0x08000105   Thumb Code     0  startup_stm32f042x6.o(.text)
    TSC_IRQHandler                           0x08000105   Thumb Code     0  startup_stm32f042x6.o(.text)
    USART1_IRQHandler                        0x08000105   Thumb Code     0  startup_stm32f042x6.o(.text)
    USART2_IRQHandler                        0x08000105   Thumb Code     0  startup_stm32f042x6.o(.text)
    USB_IRQHandler                           0x08000105   Thumb Code     0  startup_stm32f042x6.o(.text)
    WWDG_IRQHandler                          0x08000105   Thumb Code     0  startup_stm32f042x6.o(.text)
    __aeabi_uidiv                            0x0800012d   Thumb Code     0  uidiv.o(.text)
    __aeabi_uidivmod                         0x0800012d   Thumb Code    44  uidiv.o(.text)
    __aeabi_idiv                             0x08000159   Thumb Code     0  idiv.o(.text)
    __aeabi_idivmod                          0x08000159   Thumb Code    40  idiv.o(.text)
    __scatterload                            0x08000181   Thumb Code    28  init.o(.text)
    __scatterload_rt2                        0x08000181   Thumb Code     0  init.o(.text)
    EXTI0_1_IRQHandler                       0x080001a5   Thumb Code    32  main.o(i.EXTI0_1_IRQHandler)
    I2C_Start                                0x080001cd   Thumb Code    44  main.o(i.I2C_Start)
    I2C_Stop                                 0x08000201   Thumb Code    54  main.o(i.I2C_Stop)
    I2C_write                                0x0800023d   Thumb Code    20  main.o(i.I2C_write)
    LCD_Char                                 0x08000255   Thumb Code    90  main.o(i.LCD_Char)
    LCD_Clear                                0x080002b5   Thumb Code    24  main.o(i.LCD_Clear)
    LCD_ClearStr                             0x080002e1   Thumb Code    38  main.o(i.LCD_ClearStr)
    LCD_Gotoxy                               0x0800031d   Thumb Code    56  main.o(i.LCD_Gotoxy)
    LCD_Init                                 0x08000355   Thumb Code   140  main.o(i.LCD_Init)
    LCD_PrintDec                             0x080003e1   Thumb Code    90  main.o(i.LCD_PrintDec)
    LCD_PrintStr                             0x0800043b   Thumb Code    26  main.o(i.LCD_PrintStr)
    SX1276_Init                              0x08000455   Thumb Code    76  main.o(i.SX1276_Init)
    SX1276_ReadBurst                         0x080004a5   Thumb Code   154  main.o(i.SX1276_ReadBurst)
    SX1276_ReadSingle                        0x08000545   Thumb Code   154  main.o(i.SX1276_ReadSingle)
    SX1276_WriteBurst                        0x080005e5   Thumb Code   156  main.o(i.SX1276_WriteBurst)
    SX1276_WriteSingle                       0x08000685   Thumb Code   142  main.o(i.SX1276_WriteSingle)
    SystemInit                               0x08000719   Thumb Code   104  system_stm32f0xx.o(i.SystemInit)
    TIM17_IRQHandler                         0x0800078d   Thumb Code    32  main.o(i.TIM17_IRQHandler)
    TimingDelayDec                           0x080007b1   Thumb Code   120  main.o(i.TimingDelayDec)
    __scatterload_copy                       0x080008d5   Thumb Code    14  handlers.o(i.__scatterload_copy)
    __scatterload_null                       0x080008e3   Thumb Code     2  handlers.o(i.__scatterload_null)
    __scatterload_zeroinit                   0x080008e5   Thumb Code    14  handlers.o(i.__scatterload_zeroinit)
    delay_ms                                 0x080008f5   Thumb Code    16  main.o(i.delay_ms)
    initial                                  0x08000909   Thumb Code   486  main.o(i.initial)
    main                                     0x08000b15   Thumb Code   594  main.o(i.main)
    LoRa_config                              0x08000dd8   Data          18  main.o(.constdata)
    T191_font                                0x08000dea   Data        1120  main.o(.constdata)
    Region$$Table$$Base                      0x0800124c   Number         0  anon$$obj.o(Region$$Table)
    Region$$Table$$Limit                     0x0800126c   Number         0  anon$$obj.o(Region$$Table)
    i                                        0x20000000   Data           1  main.o(.data)
    Flag                                     0x20000001   Data           1  main.o(.data)
    rx_bytes                                 0x20000002   Data           1  main.o(.data)
    counter                                  0x20000003   Data           1  main.o(.data)
    rssi                                     0x20000004   Data           1  main.o(.data)
    fr_rssi                                  0x20000005   Data           1  main.o(.data)
    snr                                      0x20000006   Data           1  main.o(.data)
    act_RFM                                  0x20000007   Data           1  main.o(.data)
    flag_update_lcd_rfm                      0x20000008   Data           1  main.o(.data)
    TX_BUF                                   0x20000009   Data          16  main.o(.data)
    TimingDelay                              0x2000001a   Data           2  main.o(.data)
    led_count                                0x2000001c   Data           2  main.o(.data)
    ms1000                                   0x2000001e   Data           2  main.o(.data)
    ms200                                    0x20000020   Data           1  main.o(.data)
    msec200                                  0x20000021   Data           1  main.o(.data)
    sec_tic                                  0x20000022   Data           1  main.o(.data)
    GPS_RMC                                  0x20000024   Data          24  main.o(.bss)
    RX_BUF                                   0x2000003c   Data          20  main.o(.bss)
    __initial_sp                             0x20000450   Data           0  startup_stm32f042x6.o(STACK)



==============================================================================

Memory Map of the image

  Image Entry point : 0x080000d5

  Load Region LR_1 (Base: 0x08000000, Size: 0x00001290, Max: 0xffffffff, ABSOLUTE)

    Execution Region ER_RO (Exec base: 0x08000000, Load base: 0x08000000, Size: 0x0000126c, Max: 0xffffffff, ABSOLUTE)

    Exec Addr    Load Addr    Size         Type   Attr      Idx    E Section Name        Object

    0x08000000   0x08000000   0x000000c0   Data   RO          210    RESET               startup_stm32f042x6.o
    0x080000c0   0x080000c0   0x00000000   Code   RO          251  * .ARM.Collect$$$$00000000  mc_p.l(entry.o)
    0x080000c0   0x080000c0   0x00000004   Code   RO          258    .ARM.Collect$$$$00000001  mc_p.l(entry2.o)
    0x080000c4   0x080000c4   0x00000004   Code   RO          261    .ARM.Collect$$$$00000004  mc_p.l(entry5.o)
    0x080000c8   0x080000c8   0x00000000   Code   RO          263    .ARM.Collect$$$$00000008  mc_p.l(entry7b.o)
    0x080000c8   0x080000c8   0x00000000   Code   RO          265    .ARM.Collect$$$$0000000A  mc_p.l(entry8b.o)
    0x080000c8   0x080000c8   0x00000008   Code   RO          266    .ARM.Collect$$$$0000000B  mc_p.l(entry9a.o)
    0x080000d0   0x080000d0   0x00000000   Code   RO          268    .ARM.Collect$$$$0000000D  mc_p.l(entry10a.o)
    0x080000d0   0x080000d0   0x00000000   Code   RO          270    .ARM.Collect$$$$0000000F  mc_p.l(entry11a.o)
    0x080000d0   0x080000d0   0x00000004   Code   RO          259    .ARM.Collect$$$$00002712  mc_p.l(entry2.o)
    0x080000d4   0x080000d4   0x00000058   Code   RO          211  * .text               startup_stm32f042x6.o
    0x0800012c   0x0800012c   0x0000002c   Code   RO          254    .text               mc_p.l(uidiv.o)
    0x08000158   0x08000158   0x00000028   Code   RO          256    .text               mc_p.l(idiv.o)
    0x08000180   0x08000180   0x00000024   Code   RO          272    .text               mc_p.l(init.o)
    0x080001a4   0x080001a4   0x00000028   Code   RO            3    i.EXTI0_1_IRQHandler  main.o
    0x080001cc   0x080001cc   0x00000034   Code   RO            4    i.I2C_Start         main.o
    0x08000200   0x08000200   0x0000003c   Code   RO            5    i.I2C_Stop          main.o
    0x0800023c   0x0800023c   0x00000018   Code   RO            6    i.I2C_write         main.o
    0x08000254   0x08000254   0x00000060   Code   RO            7    i.LCD_Char          main.o
    0x080002b4   0x080002b4   0x0000002c   Code   RO            8    i.LCD_Clear         main.o
    0x080002e0   0x080002e0   0x0000003c   Code   RO            9    i.LCD_ClearStr      main.o
    0x0800031c   0x0800031c   0x00000038   Code   RO           10    i.LCD_Gotoxy        main.o
    0x08000354   0x08000354   0x0000008c   Code   RO           11    i.LCD_Init          main.o
    0x080003e0   0x080003e0   0x0000005a   Code   RO           13    i.LCD_PrintDec      main.o
    0x0800043a   0x0800043a   0x0000001a   Code   RO           15    i.LCD_PrintStr      main.o
    0x08000454   0x08000454   0x00000050   Code   RO           18    i.SX1276_Init       main.o
    0x080004a4   0x080004a4   0x000000a0   Code   RO           19    i.SX1276_ReadBurst  main.o
    0x08000544   0x08000544   0x000000a0   Code   RO           20    i.SX1276_ReadSingle  main.o
    0x080005e4   0x080005e4   0x000000a0   Code   RO           21    i.SX1276_WriteBurst  main.o
    0x08000684   0x08000684   0x00000094   Code   RO           22    i.SX1276_WriteSingle  main.o
    0x08000718   0x08000718   0x00000074   Code   RO          218    i.SystemInit        system_stm32f0xx.o
    0x0800078c   0x0800078c   0x00000024   Code   RO           23    i.TIM17_IRQHandler  main.o
    0x080007b0   0x080007b0   0x00000094   Code   RO           24    i.TimingDelayDec    main.o
    0x08000844   0x08000844   0x00000018   Code   RO           25    i.__NVIC_EnableIRQ  main.o
    0x0800085c   0x0800085c   0x00000078   Code   RO           26    i.__NVIC_SetPriority  main.o
    0x080008d4   0x080008d4   0x0000000e   Code   RO          276    i.__scatterload_copy  mc_p.l(handlers.o)
    0x080008e2   0x080008e2   0x00000002   Code   RO          277    i.__scatterload_null  mc_p.l(handlers.o)
    0x080008e4   0x080008e4   0x0000000e   Code   RO          278    i.__scatterload_zeroinit  mc_p.l(handlers.o)
    0x080008f2   0x080008f2   0x00000002   PAD
    0x080008f4   0x080008f4   0x00000014   Code   RO           27    i.delay_ms          main.o
    0x08000908   0x08000908   0x0000020c   Code   RO           28    i.initial           main.o
    0x08000b14   0x08000b14   0x000002c4   Code   RO           29    i.main              main.o
    0x08000dd8   0x08000dd8   0x00000472   Data   RO           31    .constdata          main.o
    0x0800124a   0x0800124a   0x00000002   PAD
    0x0800124c   0x0800124c   0x00000020   Data   RO          274    Region$$Table       anon$$obj.o


    Execution Region ER_RW (Exec base: 0x20000000, Load base: 0x0800126c, Size: 0x00000024, Max: 0xffffffff, ABSOLUTE)

    Exec Addr    Load Addr    Size         Type   Attr      Idx    E Section Name        Object

    0x20000000   0x0800126c   0x00000023   Data   RW           32    .data               main.o


    Execution Region ER_ZI (Exec base: 0x20000024, Load base: 0x08001290, Size: 0x0000042c, Max: 0xffffffff, ABSOLUTE)

    Exec Addr    Load Addr    Size         Type   Attr      Idx    E Section Name        Object

    0x20000024        -       0x0000002c   Zero   RW           30    .bss                main.o
    0x20000050        -       0x00000400   Zero   RW          208    STACK               startup_stm32f042x6.o


==============================================================================

Image component sizes


      Code (inc. data)   RO Data    RW Data    ZI Data      Debug   Object Name

      2976        304       1138         35         44     390876   main.o
        88         38        192          0       1024        664   startup_stm32f042x6.o
       116         12          0          0          0        493   system_stm32f0xx.o

    ----------------------------------------------------------------------
      3180        354       1364         36       1068     392033   Object Totals
         0          0         32          0          0          0   (incl. Generated)
         0          0          2          1          0          0   (incl. Padding)

    ----------------------------------------------------------------------

      Code (inc. data)   RO Data    RW Data    ZI Data      Debug   Library Member Name

         0          0          0          0          0          0   entry.o
         0          0          0          0          0          0   entry10a.o
         0          0          0          0          0          0   entry11a.o
         8          4          0          0          0          0   entry2.o
         4          0          0          0          0          0   entry5.o
         0          0          0          0          0          0   entry7b.o
         0          0          0          0          0          0   entry8b.o
         8          4          0          0          0          0   entry9a.o
        30          0          0          0          0          0   handlers.o
        40          0          0          0          0         72   idiv.o
        36          8          0          0          0         68   init.o
        44          0          0          0          0         72   uidiv.o

    ----------------------------------------------------------------------
       172         16          0          0          0        212   Library Totals
         2          0          0          0          0          0   (incl. Padding)

    ----------------------------------------------------------------------

      Code (inc. data)   RO Data    RW Data    ZI Data      Debug   Library Name

       170         16          0          0          0        212   mc_p.l

    ----------------------------------------------------------------------
       172         16          0          0          0        212   Library Totals

    ----------------------------------------------------------------------

==============================================================================


      Code (inc. data)   RO Data    RW Data    ZI Data      Debug   

      3352        370       1364         36       1068     391385   Grand Totals
      3352        370       1364         36       1068     391385   ELF Image Totals
      3352        370       1364         36          0          0   ROM Totals

==============================================================================

    Total RO  Size (Code + RO Data)                 4716 (   4.61kB)
    Total RW  Size (RW Data + ZI Data)              1104 (   1.08kB)
    Total ROM Size (Code + RO Data + RW Data)       4752 (   4.64kB)

==============================================================================

